    1 NTR None                    
    1 LYS 9.443639958095368       
    7 GLU 4.787848904176594       
   13 LYS 9.16908865428644        
   15 HIS 6.162160319138055       
   18 ASP 5.007666230726873       
   20 TYR 9.711439038792948       
   23 TYR 9.811031472300064       
   33 LYS 9.589894442454938       
   35 GLU 5.067972756096606       
   48 ASP 4.832821608753871       
   52 ASP 5.105947819740924       
   53 TYR 9.422465947590403       
   66 ASP 5.190743533880789       
   87 ASP 4.878374460408478       
   96 LYS 9.416587697834604       
   97 LYS 9.627189581897541       
  101 ASP 5.15060005319898        
  116 LYS 9.806887472283814       
  119 ASP 4.58636669470143        
  129 CTR 4.124744015845839       
