    1 NTR 7.351835568256759       
    1 LYS 10.383897993537527      
    7 GLU 2.8944969159599077      
   13 LYS None                    
   15 HIS 5.774498685963207       
   18 ASP 2.768850332414464       
   20 TYR 9.685041076886394       
   23 TYR 9.346970285690913       
   33 LYS 10.536904761904761      
   35 GLU 4.182653234799372       
   48 ASP 1.5581490479968267      
   52 ASP 2.3676366486322498      
   53 TYR 10.78701733049559       
   66 ASP 1.8216325509651061      
   87 ASP 1.8183366638119707      
   96 LYS None                    
   97 LYS None                    
  101 ASP 3.378007455099966       
  116 LYS 10.244029156327544      
  119 ASP 2.4988182799861454      
  129 CTR 1.3879438369110302      
