    1 NTR 8.317844409909497       
    1 LYS 10.23908831128161       
    7 GLU 2.867908592252358       
   13 LYS None                    
   15 HIS 6.1221793512050615      
   18 ASP 2.5732306548847963      
   20 TYR 9.141212860870297       
   23 TYR 9.270878252120166       
   33 LYS 10.510663554385125      
   35 GLU 3.7274646400675535      
   48 ASP 1.5688611979576688      
   52 ASP 2.9863462217753987      
   53 TYR 10.351377254691483      
   66 ASP 2.0551175197651745      
   87 ASP 1.790130433171527       
   96 LYS None                    
   97 LYS None                    
  101 ASP 3.2872726581653016      
  116 LYS 10.265484930448222      
  119 ASP 2.418895023282315       
  129 CTR None                    
